EN alu_32bit NULL C:/Users/David/Desktop/132LProject2-master/Project2_132L/ALU_32Bit.vhd sub00/vhpl02 1453432862
EN adder_32bit_unsigned NULL C:/Users/David/Desktop/132LProject2-master/Project2_132L/ADDER_32Bit_Unsigned.vhd sub00/vhpl00 1453431975
AR adder_32bit_unsigned behavioral C:/Users/David/Desktop/132LProject2-master/Project2_132L/ADDER_32Bit_Unsigned.vhd sub00/vhpl01 1453430472
AR alu_32bit behavioral C:/Users/David/Desktop/132LProject2-master/Project2_132L/ALU_32Bit.vhd sub00/vhpl03 1453432863
