V3 7
FL C:/Users/David/Desktop/132LProject2-master/Project2_132L/ADDER_32Bit_Unsigned.vhd 2016/01/18.16:06:14 P.20131013
EN work/ADDER_32Bit_Unsigned 1453430471 \
      FL C:/Users/David/Desktop/132LProject2-master/Project2_132L/ADDER_32Bit_Unsigned.vhd \
      PB ieee/std_logic_1164 1381692176
AR work/ADDER_32Bit_Unsigned/Behavioral 1453430472 \
      FL C:/Users/David/Desktop/132LProject2-master/Project2_132L/ADDER_32Bit_Unsigned.vhd \
      EN work/ADDER_32Bit_Unsigned 1453430471
FL C:/Users/David/Desktop/132LProject2-master/Project2_132L/ALU_32Bit.vhd 2016/01/21.19:20:56 P.20131013
EN work/ALU_32Bit 1453432862 \
      FL C:/Users/David/Desktop/132LProject2-master/Project2_132L/ALU_32Bit.vhd \
      PB ieee/std_logic_1164 1381692176 PB ieee/NUMERIC_STD 1381692181 LB UNISIM \
      PH unisim/VCOMPONENTS 1381692182
AR work/ALU_32Bit/Behavioral 1453432863 \
      FL C:/Users/David/Desktop/132LProject2-master/Project2_132L/ALU_32Bit.vhd \
      EN work/ALU_32Bit 1453432862
